// Jest Snapshot v1, https://goo.gl/fbAQLP

exports[`renders correctly 1`] = `
<AIRMapMarker
  image={undefined}
  onPress={[Function]}
  stopPropagation={false}
  style={
    Array [
      Object {
        "backgroundColor": "transparent",
        "position": "absolute",
      },
      undefined,
    ]
  }
/>
`;

exports[`renders correctly 2`] = `
<View
  onPress={undefined}
  style={
    Array [
      false,
      false,
      false,
      Object {
        "alignItems": "center",
        "backgroundColor": "transparent",
        "justifyContent": "center",
      },
      undefined,
    ]
  }
  underlayColor="white"
>
  <Text
    accessible={true}
    allowFontScaling={false}
    ellipsizeMode="tail"
    style={
      Array [
        Object {
          "color": "black",
          "fontSize": 24,
        },
        Array [
          Object {
            "backgroundColor": "transparent",
          },
          undefined,
        ],
        Object {
          "fontFamily": "Material Icons",
          "fontStyle": "normal",
          "fontWeight": "normal",
        },
      ]
    }
  >
    
  </Text>
</View>
`;
